// Jest Snapshot v1, https://goo.gl/fbAQLP

exports[`StateVariableDeclarations.sol format 1`] = `
====================================options=====================================
parsers: ["solidity-parse"]
printWidth: 80
                                                                                | printWidth
=====================================input======================================
contract Contract {
  bytes32 private constant DOMAIN_SEPARATOR_TYPEHASH = 0x035aff83d86937d35b32e04f0ddc6ff469290eef2f1b692d8a815c89404d4749;
}

=====================================output=====================================
contract Contract {
    bytes32 private constant DOMAIN_SEPARATOR_TYPEHASH =
        0x035aff83d86937d35b32e04f0ddc6ff469290eef2f1b692d8a815c89404d4749;
}

================================================================================
`;
