// Jest Snapshot v1, https://jestjs.io/docs/snapshot-testing

exports[`Libraries.sol - {"bracketSpacing":true} format 1`] = `
====================================options=====================================
bracketSpacing: true
parsers: ["slang"]
printWidth: 80
                                                                                | printWidth
=====================================input======================================
  using   Lib    for uint;
using Lib for
    uint global;
using { f} for uint;
using {f } for uint global;
using {f as +} for uint global;
using { a, very,     long, and, complex,     Function, list, with, long, names }     for
    uint;
using { a, very,
        long, and, complex, Function,
        list, with, long, names }       for uint global;

=====================================output=====================================
using Lib for uint;
using Lib for uint global;
using { f } for uint;
using { f } for uint global;
using { f as + } for uint global;
using {
    a,
    very,
    long,
    and,
    complex,
    Function,
    list,
    with,
    long,
    names
} for uint;
using {
    a,
    very,
    long,
    and,
    complex,
    Function,
    list,
    with,
    long,
    names
} for uint global;

================================================================================
`;

exports[`Libraries.sol format 1`] = `
====================================options=====================================
parsers: ["slang"]
printWidth: 80
                                                                                | printWidth
=====================================input======================================
  using   Lib    for uint;
using Lib for
    uint global;
using { f} for uint;
using {f } for uint global;
using {f as +} for uint global;
using { a, very,     long, and, complex,     Function, list, with, long, names }     for
    uint;
using { a, very,
        long, and, complex, Function,
        list, with, long, names }       for uint global;

=====================================output=====================================
using Lib for uint;
using Lib for uint global;
using {f} for uint;
using {f} for uint global;
using {f as +} for uint global;
using {a, very, long, and, complex, Function, list, with, long, names} for uint;
using {
    a,
    very,
    long,
    and,
    complex,
    Function,
    list,
    with,
    long,
    names
} for uint global;

================================================================================
`;
