// Jest Snapshot v1, https://goo.gl/fbAQLP

exports[`Pragma.sol format 1`] = `
====================================options=====================================
parsers: ["slang-solidity"]
printWidth: 80
                                                                                | printWidth
=====================================input======================================
pragma solidity >=0.4.21   <0.6.0;
pragma solidity >=0.4.21 <=0.6.0    ;
pragma solidity    >0.4.21 <0.6.0;
pragma solidity >0.4.21 <=0.6.0;
pragma solidity >=0.4.21 <0.6.0;
pragma solidity   ^ 0.4.21  ;
pragma solidity  ~ 0.4.21  ;
pragma solidity   ^0.4.0   ||   ^0.5.0   ||   ^0.6.0  ;
pragma solidity   0.5.0   -   0.6.0     ;
pragma   experimental     ABIEncoderV2;
pragma       abicoder     v2;

=====================================output=====================================
pragma solidity >=0.4.21 <0.6.0;
pragma solidity >=0.4.21 <=0.6.0;
pragma solidity >0.4.21 <0.6.0;
pragma solidity >0.4.21 <=0.6.0;
pragma solidity >=0.4.21 <0.6.0;
pragma solidity ^0.4.21;
pragma solidity ~0.4.21;
pragma solidity ^0.4.0 || ^0.5.0 || ^0.6.0;
pragma solidity 0.5.0 - 0.6.0;
pragma experimental ABIEncoderV2;
pragma abicoder v2;

================================================================================
`;
