// Jest Snapshot v1, https://jestjs.io/docs/snapshot-testing

exports[`EnumDefinitions.sol format 1`] = `
====================================options=====================================
parsers: ["slang"]
printWidth: 80
                                                                                | printWidth
=====================================input======================================
contract EnumDefinitions {
    enum ActionChoices { GoLeft, GoRight, GoStraight, SitStill }
    enum States { State1, State2, State3, State4, State5, State6, State7, State8, State9 }
    enum Rounding {
    Floor, // Toward negative infinity
    Ceil, // Toward positive infinity
    Trunc, // Toward zero
    Expand // Away from zero
    }

}

=====================================output=====================================
contract EnumDefinitions {
    enum ActionChoices {
        GoLeft,
        GoRight,
        GoStraight,
        SitStill
    }
    enum States {
        State1,
        State2,
        State3,
        State4,
        State5,
        State6,
        State7,
        State8,
        State9
    }
    enum Rounding {
        Floor, // Toward negative infinity
        Ceil, // Toward positive infinity
        Trunc, // Toward zero
        Expand // Away from zero
    }
}

================================================================================
`;
