// Jest Snapshot v1, https://goo.gl/fbAQLP

exports[`respect-default-options.js format 1`] = `
====================================options=====================================
parsers: ["babel"]
printWidth: 80
                                                                                | printWidth
=====================================input======================================
function a() {
    return {key:value};
}

=====================================output=====================================
function a() {
  return { key: value };
}

================================================================================
`;
