// Jest Snapshot v1, https://goo.gl/fbAQLP

exports[`Arrays.sol format 1`] = `
====================================options=====================================
parsers: ["solidity-parse"]
printWidth: 80
                                                                                | printWidth
=====================================input======================================
pragma solidity ^0.5.2;

contract Arrays {
    bytes32[] public permissions = [bytes32("addPartner"), bytes32("removePartner"), bytes32("addGroup"), bytes32("removeGroup"), bytes32("addUserToGroup"), bytes32("removeUserFromGroup"), bytes32("addSolution"), bytes32("removeSolution"), bytes32("addLibrary"), bytes32("removeLibrary"), bytes32("addPermissionToGroup"), bytes32("removePermissionFromGroup")];

    function a() {
    Outcome.OutcomeItem[] memory outcomeFrom = abi.decode(fromPart.outcome, (Outcome.OutcomeItem[]));
}
}

contract ArraySlices {
    function f(bytes calldata x) public {
        bytes memory a1 = abi.decode(x[:], (bytes));
        bytes4 a2 = abi.decode(x[:4], (bytes4));
        address a3 = abi.decode(x[4:], (address));
    }
}

=====================================output=====================================
pragma solidity ^0.5.2;

contract Arrays {
    bytes32[] public permissions = [
        bytes32("addPartner"),
        bytes32("removePartner"),
        bytes32("addGroup"),
        bytes32("removeGroup"),
        bytes32("addUserToGroup"),
        bytes32("removeUserFromGroup"),
        bytes32("addSolution"),
        bytes32("removeSolution"),
        bytes32("addLibrary"),
        bytes32("removeLibrary"),
        bytes32("addPermissionToGroup"),
        bytes32("removePermissionFromGroup")
    ];

    function a() {
        Outcome.OutcomeItem[] memory outcomeFrom = abi.decode(
            fromPart.outcome,
            (Outcome.OutcomeItem[])
        );
    }
}

contract ArraySlices {
    function f(bytes calldata x) public {
        bytes memory a1 = abi.decode(x[:], (bytes));
        bytes4 a2 = abi.decode(x[:4], (bytes4));
        address a3 = abi.decode(x[4:], (address));
    }
}

================================================================================
`;
