// Jest Snapshot v1, https://goo.gl/fbAQLP

exports[`HexLiteral.sol - {"singleQuote":false} format 1`] = `
====================================options=====================================
parsers: ["slang"]
printWidth: 80
singleQuote: false
                                                                                | printWidth
=====================================input======================================
// SPDX-License-Identifier: MIT
pragma solidity 0.8.30;

contract HexLiteral {
  bytes8 hex1 = hex'DeadBeef';
  bytes8 hex2 = hex"DeadBeef";
}

=====================================output=====================================
// SPDX-License-Identifier: MIT
pragma solidity 0.8.30;

contract HexLiteral {
    bytes8 hex1 = hex"DeadBeef";
    bytes8 hex2 = hex"DeadBeef";
}

================================================================================
`;

exports[`HexLiteral.sol - {"singleQuote":true} format 1`] = `
====================================options=====================================
parsers: ["slang"]
printWidth: 80
singleQuote: true
                                                                                | printWidth
=====================================input======================================
// SPDX-License-Identifier: MIT
pragma solidity 0.8.30;

contract HexLiteral {
  bytes8 hex1 = hex'DeadBeef';
  bytes8 hex2 = hex"DeadBeef";
}

=====================================output=====================================
// SPDX-License-Identifier: MIT
pragma solidity 0.8.30;

contract HexLiteral {
    bytes8 hex1 = hex'DeadBeef';
    bytes8 hex2 = hex'DeadBeef';
}

================================================================================
`;
