// Jest Snapshot v1, https://goo.gl/fbAQLP

exports[`SimpleStorage.sol format 1`] = `
====================================options=====================================
parsers: ["solidity-parse"]
printWidth: 80
                                                                                | printWidth
=====================================input======================================
pragma solidity ^0.4.0;

contract SimpleStorage {
  string public name = "SimpleStorage";
  uint storedData;

  function set(uint x) public {
    storedData = x;
  }

  function get() public view returns (uint) {
    return storedData;
  }
}

=====================================output=====================================
pragma solidity ^0.4.0;

contract SimpleStorage {
    string public name = "SimpleStorage";
    uint storedData;

    function set(uint x) public {
        storedData = x;
    }

    function get() public view returns (uint) {
        return storedData;
    }
}

================================================================================
`;
