// Jest Snapshot v1, https://jestjs.io/docs/snapshot-testing

exports[`TypeDefinition.sol format 1`] = `
====================================options=====================================
parsers: ["slang"]
printWidth: 80
                                                                                | printWidth
=====================================input======================================
pragma solidity ^0.8.8;

    type Hello is uint;

contract TypeDefinition {
    event Moon(Hello world);

        function demo(Hello world) public {
        world = Hello.wrap(Hello.unwrap(world) + 1337);
        emit Moon(world);
    }
}

=====================================output=====================================
pragma solidity ^0.8.8;

type Hello is uint;

contract TypeDefinition {
    event Moon(Hello world);

    function demo(Hello world) public {
        world = Hello.wrap(Hello.unwrap(world) + 1337);
        emit Moon(world);
    }
}

================================================================================
`;
