// Jest Snapshot v1, https://jestjs.io/docs/snapshot-testing

exports[`ModifierDefinitions.sol format 1`] = `
====================================options=====================================
parsers: ["slang"]
printWidth: 80
                                                                                | printWidth
=====================================input======================================
contract ModifierDefinitions {
  modifier noParams() {}
  modifier oneParam(uint a) {}
  modifier twoParams(uint a,uint b) {}
  modifier threeParams(uint a,uint b   ,uint c) {}
  modifier test() virtual;
  modifier test() virtual {}
}

=====================================output=====================================
contract ModifierDefinitions {
    modifier noParams() {}
    modifier oneParam(uint a) {}
    modifier twoParams(uint a, uint b) {}
    modifier threeParams(uint a, uint b, uint c) {}
    modifier test() virtual;
    modifier test() virtual {}
}

================================================================================
`;
